Mode: copy | Pattern: * | Conflict: error
Source: redis://redis1:6379/0
Destination: redis://redis2:6379/0
Total: 1000 | Processed: 750 | Success: 700 | Failed: 25
Rate: 2.5 keys/sec | Elapsed: 5m0s