 ERROR 

connection failed.

Try --help for usage.
