 ERROR 

invalid configuration: missing source URL.

Try --help for usage.
